你
测试
999
游戏
商dsfd城
我
